-3.4028235e+38
00000000  00 80 00 00                                       |....|

-0.1
00000000  42 33 33 32                                       |B332|

-1e-45
00000000  7f ff ff fe                                       |....|

0
00000000  80 00 00 00                                       |....|

1e-45
00000000  80 00 00 01                                       |....|

0.1
00000000  bd cc cc cd                                       |....|

3.4028235e+38
00000000  ff 7f ff ff                                       |....|

