-32768
00000000  00 00                                             |..|

-32767
00000000  00 01                                             |..|

-1
00000000  7f ff                                             |..|

0
00000000  80 00                                             |..|

1
00000000  80 01                                             |..|

32766
00000000  ff fe                                             |..|

32767
00000000  ff ff                                             |..|

