-2147483648
00000000  00 00 00 00                                       |....|

-2147483647
00000000  00 00 00 01                                       |....|

-1
00000000  7f ff ff ff                                       |....|

0
00000000  80 00 00 00                                       |....|

1
00000000  80 00 00 01                                       |....|

2147483646
00000000  ff ff ff fe                                       |....|

2147483647
00000000  ff ff ff ff                                       |....|

