-128
00000000  00                                                |.|

-127
00000000  01                                                |.|

-1
00000000  7f                                                |.|

0
00000000  80                                                |.|

1
00000000  81                                                |.|

126
00000000  fe                                                |.|

127
00000000  ff                                                |.|

