0
00000000  00                                                |.|

2
00000000  02                                                |.|

8
00000000  08                                                |.|

32
00000000  20                                                | |

128
00000000  80                                                |.|

255
00000000  ff                                                |.|

